# serializer version: 1
# name: test_deterministic_playthrough_transcript
  list([
    dict({
      'action': 'start_game',
      'events': list([
        'CardDrawnEvent',
        'GameStartedEvent',
        'PhaseChangedEvent',
        'TurnStartedEvent',
      ]),
      'numbers': list([
      ]),
      'step': 0,
    }),
    dict({
      'action': 'play_card',
      'actor': 'p2',
      'events': list([
        'CardPlayedEvent',
      ]),
      'numbers': list([
      ]),
      'phase': 'PLACEMENT',
      'status': 'IN_PROGRESS',
      'step': 1,
      'turn': 1,
    }),
    dict({
      'action': 'play_card',
      'actor': 'p2',
      'events': list([
        'CardPlayedEvent',
      ]),
      'numbers': list([
      ]),
      'phase': 'PLACEMENT',
      'status': 'IN_PROGRESS',
      'step': 2,
      'turn': 1,
    }),
    dict({
      'action': 'play_card',
      'actor': 'p2',
      'events': list([
        'CardDrawnEvent',
        'CardPlayedEvent',
        'ElementsRestoredEvent',
        'PhaseChangedEvent',
        'TurnEndedEvent',
        'TurnStartedEvent',
      ]),
      'numbers': list([
      ]),
      'phase': 'PLACEMENT',
      'status': 'IN_PROGRESS',
      'step': 3,
      'turn': 2,
    }),
    dict({
      'action': 'play_card',
      'actor': 'p1',
      'events': list([
        'CardPlayedEvent',
      ]),
      'numbers': list([
      ]),
      'phase': 'PLACEMENT',
      'status': 'IN_PROGRESS',
      'step': 4,
      'turn': 2,
    }),
    dict({
      'action': 'play_card',
      'actor': 'p1',
      'events': list([
        'CardPlayedEvent',
      ]),
      'numbers': list([
      ]),
      'phase': 'PLACEMENT',
      'status': 'IN_PROGRESS',
      'step': 5,
      'turn': 2,
    }),
    dict({
      'action': 'play_card',
      'actor': 'p1',
      'events': list([
        'CardDrawnEvent',
        'CardPlayedEvent',
        'ElementsRestoredEvent',
        'PhaseChangedEvent',
        'TurnEndedEvent',
        'TurnStartedEvent',
      ]),
      'numbers': list([
      ]),
      'phase': 'PROMOTION',
      'status': 'IN_PROGRESS',
      'step': 6,
      'turn': 3,
    }),
    dict({
      'action': 'promote',
      'actor': 'p2',
      'events': list([
        'CardPromotedEvent',
      ]),
      'numbers': list([
      ]),
      'phase': 'PROMOTION',
      'status': 'IN_PROGRESS',
      'step': 7,
      'turn': 3,
    }),
    dict({
      'action': 'promote',
      'actor': 'p2',
      'events': list([
        'CardPromotedEvent',
        'PhaseChangedEvent',
      ]),
      'numbers': list([
      ]),
      'phase': 'SWAP',
      'status': 'IN_PROGRESS',
      'step': 8,
      'turn': 3,
    }),
    dict({
      'action': 'swap',
      'actor': 'p2',
      'events': list([
        'CardSwappedEvent',
        'PhaseChangedEvent',
      ]),
      'numbers': list([
      ]),
      'phase': 'ATTACK',
      'status': 'IN_PROGRESS',
      'step': 9,
      'turn': 3,
    }),
    dict({
      'action': 'attack',
      'actor': 'p2',
      'events': list([
        'NoDefenderEvent',
      ]),
      'numbers': list([
      ]),
      'phase': 'ATTACK',
      'status': 'PAUSED',
      'step': 10,
      'turn': 3,
    }),
    dict({
      'action': 'force_defend',
      'actor': 'p1',
      'events': list([
        'AttackDeclaredEvent',
        'AttackResolvedEvent',
        'CardPromotedEvent',
        'DamageDealtEvent',
      ]),
      'numbers': list([
        dict({
          'base_damage': 20,
          'defense_reduction': 5,
          'element_bonus': 0,
          'event': 'DamageDealtEvent',
          'final_damage': 15,
          'remaining_health': 45,
        }),
        dict({
          'event': 'AttackResolvedEvent',
          'final_damage': 15,
        }),
      ]),
      'phase': 'ATTACK',
      'status': 'IN_PROGRESS',
      'step': 11,
      'turn': 3,
    }),
    dict({
      'action': 'attack',
      'actor': 'p2',
      'events': list([
        'AttackDeclaredEvent',
        'AttackResolvedEvent',
        'CardDrawnEvent',
        'DamageDealtEvent',
        'ElementsRestoredEvent',
        'PhaseChangedEvent',
        'TurnEndedEvent',
        'TurnStartedEvent',
      ]),
      'numbers': list([
        dict({
          'base_damage': 20,
          'defense_reduction': 5,
          'element_bonus': 0,
          'event': 'DamageDealtEvent',
          'final_damage': 15,
          'remaining_health': 30,
        }),
        dict({
          'event': 'AttackResolvedEvent',
          'final_damage': 15,
        }),
      ]),
      'phase': 'PLACEMENT',
      'status': 'IN_PROGRESS',
      'step': 12,
      'turn': 4,
    }),
    dict({
      'action': 'play_card',
      'actor': 'p1',
      'events': list([
        'CardPlayedEvent',
        'PhaseChangedEvent',
      ]),
      'numbers': list([
      ]),
      'phase': 'PROMOTION',
      'status': 'IN_PROGRESS',
      'step': 13,
      'turn': 4,
    }),
    dict({
      'action': 'promote',
      'actor': 'p1',
      'events': list([
        'CardPromotedEvent',
        'PhaseChangedEvent',
      ]),
      'numbers': list([
      ]),
      'phase': 'SWAP',
      'status': 'IN_PROGRESS',
      'step': 14,
      'turn': 4,
    }),
    dict({
      'action': 'swap',
      'actor': 'p1',
      'events': list([
        'CardSwappedEvent',
        'PhaseChangedEvent',
      ]),
      'numbers': list([
      ]),
      'phase': 'ATTACK',
      'status': 'IN_PROGRESS',
      'step': 15,
      'turn': 4,
    }),
    dict({
      'action': 'attack',
      'actor': 'p1',
      'events': list([
        'AttackDeclaredEvent',
        'AttackResolvedEvent',
        'DamageDealtEvent',
      ]),
      'numbers': list([
        dict({
          'base_damage': 20,
          'defense_reduction': 5,
          'element_bonus': 0,
          'event': 'DamageDealtEvent',
          'final_damage': 15,
          'remaining_health': 45,
        }),
        dict({
          'event': 'AttackResolvedEvent',
          'final_damage': 15,
        }),
      ]),
      'phase': 'ATTACK',
      'status': 'IN_PROGRESS',
      'step': 16,
      'turn': 4,
    }),
    dict({
      'action': 'attack',
      'actor': 'p1',
      'events': list([
        'AttackDeclaredEvent',
        'AttackResolvedEvent',
        'CardDrawnEvent',
        'DamageDealtEvent',
        'ElementsRestoredEvent',
        'PhaseChangedEvent',
        'TurnEndedEvent',
        'TurnStartedEvent',
      ]),
      'numbers': list([
        dict({
          'base_damage': 20,
          'defense_reduction': 5,
          'element_bonus': 3,
          'event': 'DamageDealtEvent',
          'final_damage': 18,
          'remaining_health': 27,
        }),
        dict({
          'event': 'AttackResolvedEvent',
          'final_damage': 18,
        }),
      ]),
      'phase': 'PLACEMENT',
      'status': 'IN_PROGRESS',
      'step': 17,
      'turn': 5,
    }),
    dict({
      'action': 'play_card',
      'actor': 'p2',
      'events': list([
        'CardPlayedEvent',
      ]),
      'numbers': list([
      ]),
      'phase': 'PLACEMENT',
      'status': 'IN_PROGRESS',
      'step': 18,
      'turn': 5,
    }),
    dict({
      'action': 'play_card',
      'actor': 'p2',
      'events': list([
        'CardPlayedEvent',
        'PhaseChangedEvent',
      ]),
      'numbers': list([
      ]),
      'phase': 'SWAP',
      'status': 'IN_PROGRESS',
      'step': 19,
      'turn': 5,
    }),
    dict({
      'action': 'swap',
      'actor': 'p2',
      'events': list([
        'CardSwappedEvent',
        'PhaseChangedEvent',
      ]),
      'numbers': list([
      ]),
      'phase': 'ATTACK',
      'status': 'IN_PROGRESS',
      'step': 20,
      'turn': 5,
    }),
    dict({
      'action': 'attack',
      'actor': 'p2',
      'events': list([
        'AttackDeclaredEvent',
        'AttackResolvedEvent',
        'DamageDealtEvent',
      ]),
      'numbers': list([
        dict({
          'base_damage': 20,
          'defense_reduction': 5,
          'element_bonus': 0,
          'event': 'DamageDealtEvent',
          'final_damage': 25,
          'remaining_health': 35,
        }),
        dict({
          'event': 'AttackResolvedEvent',
          'final_damage': 25,
        }),
      ]),
      'phase': 'ATTACK',
      'status': 'IN_PROGRESS',
      'step': 21,
      'turn': 5,
    }),
    dict({
      'action': 'attack',
      'actor': 'p2',
      'events': list([
        'AttackDeclaredEvent',
        'AttackResolvedEvent',
        'CardDrawnEvent',
        'DamageDealtEvent',
        'ElementsRestoredEvent',
        'PhaseChangedEvent',
        'TurnEndedEvent',
        'TurnStartedEvent',
      ]),
      'numbers': list([
        dict({
          'base_damage': 20,
          'defense_reduction': 5,
          'element_bonus': 3,
          'event': 'DamageDealtEvent',
          'final_damage': 28,
          'remaining_health': 7,
        }),
        dict({
          'event': 'AttackResolvedEvent',
          'final_damage': 28,
        }),
      ]),
      'phase': 'PLACEMENT',
      'status': 'IN_PROGRESS',
      'step': 22,
      'turn': 6,
    }),
    dict({
      'action': 'play_card',
      'actor': 'p1',
      'events': list([
        'CardPlayedEvent',
        'PhaseChangedEvent',
      ]),
      'numbers': list([
      ]),
      'phase': 'SWAP',
      'status': 'IN_PROGRESS',
      'step': 23,
      'turn': 6,
    }),
    dict({
      'action': 'swap',
      'actor': 'p1',
      'events': list([
        'CardSwappedEvent',
      ]),
      'numbers': list([
      ]),
      'phase': 'SWAP',
      'status': 'IN_PROGRESS',
      'step': 24,
      'turn': 6,
    }),
    dict({
      'action': 'swap',
      'actor': 'p1',
      'events': list([
        'CardSwappedEvent',
        'PhaseChangedEvent',
      ]),
      'numbers': list([
      ]),
      'phase': 'ATTACK',
      'status': 'IN_PROGRESS',
      'step': 25,
      'turn': 6,
    }),
    dict({
      'action': 'attack',
      'actor': 'p1',
      'events': list([
        'AttackDeclaredEvent',
        'AttackResolvedEvent',
        'DamageDealtEvent',
      ]),
      'numbers': list([
        dict({
          'base_damage': 20,
          'defense_reduction': 5,
          'element_bonus': 3,
          'event': 'DamageDealtEvent',
          'final_damage': 18,
          'remaining_health': 42,
        }),
        dict({
          'event': 'AttackResolvedEvent',
          'final_damage': 18,
        }),
      ]),
      'phase': 'ATTACK',
      'status': 'IN_PROGRESS',
      'step': 26,
      'turn': 6,
    }),
    dict({
      'action': 'attack',
      'actor': 'p1',
      'events': list([
        'AttackDeclaredEvent',
        'AttackResolvedEvent',
        'CardDrawnEvent',
        'CardHealthChangedEvent',
        'DamageDealtEvent',
        'ElementsRestoredEvent',
        'PhaseChangedEvent',
        'StatusAppliedEvent',
        'StatusTickedEvent',
        'TurnEndedEvent',
        'TurnStartedEvent',
      ]),
      'numbers': list([
        dict({
          'base_damage': 20,
          'defense_reduction': 5,
          'element_bonus': 0,
          'event': 'DamageDealtEvent',
          'final_damage': 15,
          'remaining_health': 27,
        }),
        dict({
          'event': 'AttackResolvedEvent',
          'final_damage': 15,
        }),
        dict({
          'duration_turns': 2,
          'event': 'StatusAppliedEvent',
        }),
        dict({
          'event': 'CardHealthChangedEvent',
          'new_health': 22,
        }),
      ]),
      'phase': 'SWAP',
      'status': 'IN_PROGRESS',
      'step': 27,
      'turn': 7,
    }),
    dict({
      'action': 'swap',
      'actor': 'p2',
      'events': list([
        'CardSwappedEvent',
      ]),
      'numbers': list([
      ]),
      'phase': 'SWAP',
      'status': 'IN_PROGRESS',
      'step': 28,
      'turn': 7,
    }),
    dict({
      'action': 'swap',
      'actor': 'p2',
      'events': list([
        'CardSwappedEvent',
      ]),
      'numbers': list([
      ]),
      'phase': 'SWAP',
      'status': 'IN_PROGRESS',
      'step': 29,
      'turn': 7,
    }),
    dict({
      'action': 'swap',
      'actor': 'p2',
      'events': list([
        'CardSwappedEvent',
        'PhaseChangedEvent',
      ]),
      'numbers': list([
      ]),
      'phase': 'ATTACK',
      'status': 'IN_PROGRESS',
      'step': 30,
      'turn': 7,
    }),
    dict({
      'action': 'attack',
      'actor': 'p2',
      'events': list([
        'AttackDeclaredEvent',
        'AttackResolvedEvent',
        'DamageDealtEvent',
      ]),
      'numbers': list([
        dict({
          'base_damage': 20,
          'defense_reduction': 5,
          'element_bonus': -3,
          'event': 'DamageDealtEvent',
          'final_damage': 22,
          'remaining_health': 38,
        }),
        dict({
          'event': 'AttackResolvedEvent',
          'final_damage': 22,
        }),
      ]),
      'phase': 'ATTACK',
      'status': 'IN_PROGRESS',
      'step': 31,
      'turn': 7,
    }),
    dict({
      'action': 'attack',
      'actor': 'p2',
      'events': list([
        'AttackDeclaredEvent',
        'AttackResolvedEvent',
        'CardDrawnEvent',
        'DamageDealtEvent',
        'ElementsRestoredEvent',
        'PhaseChangedEvent',
        'TurnEndedEvent',
        'TurnStartedEvent',
      ]),
      'numbers': list([
        dict({
          'base_damage': 20,
          'defense_reduction': 5,
          'element_bonus': -3,
          'event': 'DamageDealtEvent',
          'final_damage': 22,
          'remaining_health': 16,
        }),
        dict({
          'event': 'AttackResolvedEvent',
          'final_damage': 22,
        }),
      ]),
      'phase': 'SWAP',
      'status': 'IN_PROGRESS',
      'step': 32,
      'turn': 8,
    }),
    dict({
      'action': 'swap',
      'actor': 'p1',
      'events': list([
        'CardSwappedEvent',
      ]),
      'numbers': list([
      ]),
      'phase': 'SWAP',
      'status': 'IN_PROGRESS',
      'step': 33,
      'turn': 8,
    }),
    dict({
      'action': 'swap',
      'actor': 'p1',
      'events': list([
        'CardSwappedEvent',
      ]),
      'numbers': list([
      ]),
      'phase': 'SWAP',
      'status': 'IN_PROGRESS',
      'step': 34,
      'turn': 8,
    }),
    dict({
      'action': 'swap',
      'actor': 'p1',
      'events': list([
        'CardSwappedEvent',
        'PhaseChangedEvent',
      ]),
      'numbers': list([
      ]),
      'phase': 'ATTACK',
      'status': 'IN_PROGRESS',
      'step': 35,
      'turn': 8,
    }),
    dict({
      'action': 'attack',
      'actor': 'p1',
      'events': list([
        'AttackDeclaredEvent',
        'AttackResolvedEvent',
        'DamageDealtEvent',
      ]),
      'numbers': list([
        dict({
          'base_damage': 20,
          'defense_reduction': 5,
          'element_bonus': 0,
          'event': 'DamageDealtEvent',
          'final_damage': 15,
          'remaining_health': 45,
        }),
        dict({
          'event': 'AttackResolvedEvent',
          'final_damage': 15,
        }),
      ]),
      'phase': 'ATTACK',
      'status': 'IN_PROGRESS',
      'step': 36,
      'turn': 8,
    }),
    dict({
      'action': 'attack',
      'actor': 'p1',
      'events': list([
        'AttackDeclaredEvent',
        'AttackResolvedEvent',
        'CardDrawnEvent',
        'CardHealthChangedEvent',
        'DamageDealtEvent',
        'ElementsRestoredEvent',
        'PhaseChangedEvent',
        'StatusExpiredEvent',
        'StatusTickedEvent',
        'TurnEndedEvent',
        'TurnStartedEvent',
      ]),
      'numbers': list([
        dict({
          'base_damage': 20,
          'defense_reduction': 5,
          'element_bonus': 3,
          'event': 'DamageDealtEvent',
          'final_damage': 18,
          'remaining_health': 27,
        }),
        dict({
          'event': 'AttackResolvedEvent',
          'final_damage': 18,
        }),
        dict({
          'event': 'CardHealthChangedEvent',
          'new_health': 17,
        }),
      ]),
      'phase': 'SWAP',
      'status': 'IN_PROGRESS',
      'step': 37,
      'turn': 9,
    }),
    dict({
      'action': 'swap',
      'actor': 'p2',
      'events': list([
        'CardSwappedEvent',
      ]),
      'numbers': list([
      ]),
      'phase': 'SWAP',
      'status': 'IN_PROGRESS',
      'step': 38,
      'turn': 9,
    }),
    dict({
      'action': 'swap',
      'actor': 'p2',
      'events': list([
        'CardSwappedEvent',
      ]),
      'numbers': list([
      ]),
      'phase': 'SWAP',
      'status': 'IN_PROGRESS',
      'step': 39,
      'turn': 9,
    }),
    dict({
      'action': 'swap',
      'actor': 'p2',
      'events': list([
        'CardSwappedEvent',
        'PhaseChangedEvent',
      ]),
      'numbers': list([
      ]),
      'phase': 'ATTACK',
      'status': 'IN_PROGRESS',
      'step': 40,
      'turn': 9,
    }),
    dict({
      'action': 'attack',
      'actor': 'p2',
      'events': list([
        'AttackDeclaredEvent',
        'AttackResolvedEvent',
        'CardDestroyedEvent',
        'DamageDealtEvent',
      ]),
      'numbers': list([
        dict({
          'base_damage': 20,
          'defense_reduction': 5,
          'element_bonus': 3,
          'event': 'DamageDealtEvent',
          'final_damage': 28,
          'remaining_health': -21,
        }),
        dict({
          'event': 'AttackResolvedEvent',
          'final_damage': 28,
        }),
      ]),
      'phase': 'ATTACK',
      'status': 'IN_PROGRESS',
      'step': 41,
      'turn': 9,
    }),
    dict({
      'action': 'attack',
      'actor': 'p2',
      'events': list([
        'AttackDeclaredEvent',
        'AttackResolvedEvent',
        'CardDrawnEvent',
        'DamageDealtEvent',
        'ElementsRestoredEvent',
        'PhaseChangedEvent',
        'TurnEndedEvent',
        'TurnStartedEvent',
      ]),
      'numbers': list([
        dict({
          'base_damage': 20,
          'defense_reduction': 5,
          'element_bonus': 0,
          'event': 'DamageDealtEvent',
          'final_damage': 25,
          'remaining_health': 35,
        }),
        dict({
          'event': 'AttackResolvedEvent',
          'final_damage': 25,
        }),
      ]),
      'phase': 'PROMOTION',
      'status': 'IN_PROGRESS',
      'step': 42,
      'turn': 10,
    }),
    dict({
      'action': 'promote',
      'actor': 'p1',
      'events': list([
        'CardPromotedEvent',
        'PhaseChangedEvent',
      ]),
      'numbers': list([
      ]),
      'phase': 'SWAP',
      'status': 'IN_PROGRESS',
      'step': 43,
      'turn': 10,
    }),
    dict({
      'action': 'swap',
      'actor': 'p1',
      'events': list([
        'CardSwappedEvent',
      ]),
      'numbers': list([
      ]),
      'phase': 'SWAP',
      'status': 'IN_PROGRESS',
      'step': 44,
      'turn': 10,
    }),
    dict({
      'action': 'swap',
      'actor': 'p1',
      'events': list([
        'CardSwappedEvent',
        'PhaseChangedEvent',
      ]),
      'numbers': list([
      ]),
      'phase': 'ATTACK',
      'status': 'IN_PROGRESS',
      'step': 45,
      'turn': 10,
    }),
    dict({
      'action': 'attack',
      'actor': 'p1',
      'events': list([
        'AttackDeclaredEvent',
        'AttackResolvedEvent',
        'DamageDealtEvent',
        'StatusAppliedEvent',
      ]),
      'numbers': list([
        dict({
          'base_damage': 20,
          'defense_reduction': 5,
          'element_bonus': -3,
          'event': 'DamageDealtEvent',
          'final_damage': 12,
          'remaining_health': 48,
        }),
        dict({
          'event': 'AttackResolvedEvent',
          'final_damage': 12,
        }),
        dict({
          'duration_turns': 2,
          'event': 'StatusAppliedEvent',
        }),
      ]),
      'phase': 'ATTACK',
      'status': 'IN_PROGRESS',
      'step': 46,
      'turn': 10,
    }),
    dict({
      'action': 'attack',
      'actor': 'p1',
      'events': list([
        'AttackDeclaredEvent',
        'AttackResolvedEvent',
        'CardHealthChangedEvent',
        'DamageDealtEvent',
        'ElementsRestoredEvent',
        'PhaseChangedEvent',
        'StatusTickedEvent',
        'TurnEndedEvent',
        'TurnStartedEvent',
      ]),
      'numbers': list([
        dict({
          'base_damage': 20,
          'defense_reduction': 5,
          'element_bonus': -3,
          'event': 'DamageDealtEvent',
          'final_damage': 12,
          'remaining_health': 36,
        }),
        dict({
          'event': 'AttackResolvedEvent',
          'final_damage': 12,
        }),
        dict({
          'event': 'CardHealthChangedEvent',
          'new_health': 31,
        }),
      ]),
      'phase': 'SWAP',
      'status': 'IN_PROGRESS',
      'step': 47,
      'turn': 11,
    }),
    dict({
      'action': 'swap',
      'actor': 'p2',
      'events': list([
        'CardSwappedEvent',
      ]),
      'numbers': list([
      ]),
      'phase': 'SWAP',
      'status': 'IN_PROGRESS',
      'step': 48,
      'turn': 11,
    }),
    dict({
      'action': 'swap',
      'actor': 'p2',
      'events': list([
        'CardSwappedEvent',
      ]),
      'numbers': list([
      ]),
      'phase': 'SWAP',
      'status': 'IN_PROGRESS',
      'step': 49,
      'turn': 11,
    }),
    dict({
      'action': 'swap',
      'actor': 'p2',
      'events': list([
        'CardSwappedEvent',
        'PhaseChangedEvent',
      ]),
      'numbers': list([
      ]),
      'phase': 'ATTACK',
      'status': 'IN_PROGRESS',
      'step': 50,
      'turn': 11,
    }),
    dict({
      'action': 'attack',
      'actor': 'p2',
      'events': list([
        'AttackDeclaredEvent',
        'AttackResolvedEvent',
        'DamageDealtEvent',
      ]),
      'numbers': list([
        dict({
          'base_damage': 20,
          'defense_reduction': 5,
          'element_bonus': 0,
          'event': 'DamageDealtEvent',
          'final_damage': 25,
          'remaining_health': 5,
        }),
        dict({
          'event': 'AttackResolvedEvent',
          'final_damage': 25,
        }),
      ]),
      'phase': 'ATTACK',
      'status': 'IN_PROGRESS',
      'step': 51,
      'turn': 11,
    }),
    dict({
      'action': 'attack',
      'actor': 'p2',
      'events': list([
        'AttackDeclaredEvent',
        'AttackResolvedEvent',
        'CardDestroyedEvent',
        'DamageDealtEvent',
        'ElementsRestoredEvent',
        'PhaseChangedEvent',
        'TurnEndedEvent',
        'TurnStartedEvent',
      ]),
      'numbers': list([
        dict({
          'base_damage': 20,
          'defense_reduction': 5,
          'element_bonus': 0,
          'event': 'DamageDealtEvent',
          'final_damage': 25,
          'remaining_health': -20,
        }),
        dict({
          'event': 'AttackResolvedEvent',
          'final_damage': 25,
        }),
      ]),
      'phase': 'PLACEMENT',
      'status': 'IN_PROGRESS',
      'step': 52,
      'turn': 12,
    }),
    dict({
      'action': 'play_card',
      'actor': 'p1',
      'events': list([
        'CardPlayedEvent',
        'PhaseChangedEvent',
      ]),
      'numbers': list([
      ]),
      'phase': 'PROMOTION',
      'status': 'IN_PROGRESS',
      'step': 53,
      'turn': 12,
    }),
    dict({
      'action': 'promote',
      'actor': 'p1',
      'events': list([
        'CardPromotedEvent',
        'PhaseChangedEvent',
      ]),
      'numbers': list([
      ]),
      'phase': 'SWAP',
      'status': 'IN_PROGRESS',
      'step': 54,
      'turn': 12,
    }),
    dict({
      'action': 'swap',
      'actor': 'p1',
      'events': list([
        'CardSwappedEvent',
        'PhaseChangedEvent',
      ]),
      'numbers': list([
      ]),
      'phase': 'ATTACK',
      'status': 'IN_PROGRESS',
      'step': 55,
      'turn': 12,
    }),
    dict({
      'action': 'attack',
      'actor': 'p1',
      'events': list([
        'AttackDeclaredEvent',
        'AttackResolvedEvent',
        'DamageDealtEvent',
      ]),
      'numbers': list([
        dict({
          'base_damage': 20,
          'defense_reduction': 5,
          'element_bonus': 3,
          'event': 'DamageDealtEvent',
          'final_damage': 18,
          'remaining_health': 9,
        }),
        dict({
          'event': 'AttackResolvedEvent',
          'final_damage': 18,
        }),
      ]),
      'phase': 'ATTACK',
      'status': 'IN_PROGRESS',
      'step': 56,
      'turn': 12,
    }),
    dict({
      'action': 'attack',
      'actor': 'p1',
      'events': list([
        'AttackDeclaredEvent',
        'AttackResolvedEvent',
        'CardDestroyedEvent',
        'CardHealthChangedEvent',
        'DamageDealtEvent',
        'ElementsRestoredEvent',
        'PhaseChangedEvent',
        'StatusExpiredEvent',
        'StatusTickedEvent',
        'TurnEndedEvent',
        'TurnStartedEvent',
      ]),
      'numbers': list([
        dict({
          'base_damage': 20,
          'defense_reduction': 5,
          'element_bonus': 3,
          'event': 'DamageDealtEvent',
          'final_damage': 18,
          'remaining_health': -9,
        }),
        dict({
          'event': 'AttackResolvedEvent',
          'final_damage': 18,
        }),
        dict({
          'event': 'CardHealthChangedEvent',
          'new_health': 26,
        }),
      ]),
      'phase': 'PROMOTION',
      'status': 'IN_PROGRESS',
      'step': 57,
      'turn': 13,
    }),
    dict({
      'action': 'promote',
      'actor': 'p2',
      'events': list([
        'CardPromotedEvent',
        'PhaseChangedEvent',
      ]),
      'numbers': list([
      ]),
      'phase': 'SWAP',
      'status': 'IN_PROGRESS',
      'step': 58,
      'turn': 13,
    }),
    dict({
      'action': 'swap',
      'actor': 'p2',
      'events': list([
        'CardSwappedEvent',
      ]),
      'numbers': list([
      ]),
      'phase': 'SWAP',
      'status': 'IN_PROGRESS',
      'step': 59,
      'turn': 13,
    }),
    dict({
      'action': 'swap',
      'actor': 'p2',
      'events': list([
        'CardSwappedEvent',
        'PhaseChangedEvent',
      ]),
      'numbers': list([
      ]),
      'phase': 'ATTACK',
      'status': 'IN_PROGRESS',
      'step': 60,
      'turn': 13,
    }),
    dict({
      'action': 'attack',
      'actor': 'p2',
      'events': list([
        'AttackDeclaredEvent',
        'AttackResolvedEvent',
        'DamageDealtEvent',
      ]),
      'numbers': list([
        dict({
          'base_damage': 20,
          'defense_reduction': 5,
          'element_bonus': 0,
          'event': 'DamageDealtEvent',
          'final_damage': 25,
          'remaining_health': 10,
        }),
        dict({
          'event': 'AttackResolvedEvent',
          'final_damage': 25,
        }),
      ]),
      'phase': 'ATTACK',
      'status': 'IN_PROGRESS',
      'step': 61,
      'turn': 13,
    }),
    dict({
      'action': 'attack',
      'actor': 'p2',
      'events': list([
        'AttackDeclaredEvent',
        'AttackResolvedEvent',
        'CardDestroyedEvent',
        'DamageDealtEvent',
        'ElementsRestoredEvent',
        'PhaseChangedEvent',
        'TurnEndedEvent',
        'TurnStartedEvent',
      ]),
      'numbers': list([
        dict({
          'base_damage': 20,
          'defense_reduction': 5,
          'element_bonus': -3,
          'event': 'DamageDealtEvent',
          'final_damage': 22,
          'remaining_health': -12,
        }),
        dict({
          'event': 'AttackResolvedEvent',
          'final_damage': 22,
        }),
      ]),
      'phase': 'PLACEMENT',
      'status': 'IN_PROGRESS',
      'step': 62,
      'turn': 14,
    }),
    dict({
      'action': 'play_card',
      'actor': 'p1',
      'events': list([
        'CardPlayedEvent',
        'PhaseChangedEvent',
      ]),
      'numbers': list([
      ]),
      'phase': 'PROMOTION',
      'status': 'IN_PROGRESS',
      'step': 63,
      'turn': 14,
    }),
    dict({
      'action': 'promote',
      'actor': 'p1',
      'events': list([
        'CardPromotedEvent',
        'PhaseChangedEvent',
      ]),
      'numbers': list([
      ]),
      'phase': 'SWAP',
      'status': 'IN_PROGRESS',
      'step': 64,
      'turn': 14,
    }),
    dict({
      'action': 'swap',
      'actor': 'p1',
      'events': list([
        'CardSwappedEvent',
        'PhaseChangedEvent',
      ]),
      'numbers': list([
      ]),
      'phase': 'ATTACK',
      'status': 'IN_PROGRESS',
      'step': 65,
      'turn': 14,
    }),
    dict({
      'action': 'attack',
      'actor': 'p1',
      'events': list([
        'AttackDeclaredEvent',
        'AttackResolvedEvent',
        'DamageDealtEvent',
      ]),
      'numbers': list([
        dict({
          'base_damage': 20,
          'defense_reduction': 5,
          'element_bonus': 0,
          'event': 'DamageDealtEvent',
          'final_damage': 25,
          'remaining_health': 35,
        }),
        dict({
          'event': 'AttackResolvedEvent',
          'final_damage': 25,
        }),
      ]),
      'phase': 'ATTACK',
      'status': 'IN_PROGRESS',
      'step': 66,
      'turn': 14,
    }),
    dict({
      'action': 'attack',
      'actor': 'p1',
      'events': list([
        'AttackDeclaredEvent',
        'AttackResolvedEvent',
        'DamageDealtEvent',
        'ElementsRestoredEvent',
        'PhaseChangedEvent',
        'TurnEndedEvent',
        'TurnStartedEvent',
      ]),
      'numbers': list([
        dict({
          'base_damage': 20,
          'defense_reduction': 5,
          'element_bonus': -3,
          'event': 'DamageDealtEvent',
          'final_damage': 22,
          'remaining_health': 13,
        }),
        dict({
          'event': 'AttackResolvedEvent',
          'final_damage': 22,
        }),
      ]),
      'phase': 'PLACEMENT',
      'status': 'IN_PROGRESS',
      'step': 67,
      'turn': 15,
    }),
    dict({
      'action': 'play_card',
      'actor': 'p2',
      'events': list([
        'CardPlayedEvent',
        'PhaseChangedEvent',
      ]),
      'numbers': list([
      ]),
      'phase': 'SWAP',
      'status': 'IN_PROGRESS',
      'step': 68,
      'turn': 15,
    }),
    dict({
      'action': 'swap',
      'actor': 'p2',
      'events': list([
        'CardSwappedEvent',
      ]),
      'numbers': list([
      ]),
      'phase': 'SWAP',
      'status': 'IN_PROGRESS',
      'step': 69,
      'turn': 15,
    }),
    dict({
      'action': 'swap',
      'actor': 'p2',
      'events': list([
        'CardSwappedEvent',
        'PhaseChangedEvent',
      ]),
      'numbers': list([
      ]),
      'phase': 'ATTACK',
      'status': 'IN_PROGRESS',
      'step': 70,
      'turn': 15,
    }),
    dict({
      'action': 'attack',
      'actor': 'p2',
      'events': list([
        'AttackDeclaredEvent',
        'AttackResolvedEvent',
        'DamageDealtEvent',
      ]),
      'numbers': list([
        dict({
          'base_damage': 20,
          'defense_reduction': 5,
          'element_bonus': -3,
          'event': 'DamageDealtEvent',
          'final_damage': 22,
          'remaining_health': 38,
        }),
        dict({
          'event': 'AttackResolvedEvent',
          'final_damage': 22,
        }),
      ]),
      'phase': 'ATTACK',
      'status': 'IN_PROGRESS',
      'step': 71,
      'turn': 15,
    }),
    dict({
      'action': 'attack',
      'actor': 'p2',
      'events': list([
        'AttackDeclaredEvent',
        'AttackResolvedEvent',
        'DamageDealtEvent',
        'ElementsRestoredEvent',
        'PhaseChangedEvent',
        'TurnEndedEvent',
        'TurnStartedEvent',
      ]),
      'numbers': list([
        dict({
          'base_damage': 20,
          'defense_reduction': 5,
          'element_bonus': 0,
          'event': 'DamageDealtEvent',
          'final_damage': 25,
          'remaining_health': 13,
        }),
        dict({
          'event': 'AttackResolvedEvent',
          'final_damage': 25,
        }),
      ]),
      'phase': 'PLACEMENT',
      'status': 'IN_PROGRESS',
      'step': 72,
      'turn': 16,
    }),
    dict({
      'action': 'play_card',
      'actor': 'p1',
      'events': list([
        'CardPlayedEvent',
        'PhaseChangedEvent',
      ]),
      'numbers': list([
      ]),
      'phase': 'SWAP',
      'status': 'IN_PROGRESS',
      'step': 73,
      'turn': 16,
    }),
    dict({
      'action': 'swap',
      'actor': 'p1',
      'events': list([
        'CardSwappedEvent',
      ]),
      'numbers': list([
      ]),
      'phase': 'SWAP',
      'status': 'IN_PROGRESS',
      'step': 74,
      'turn': 16,
    }),
    dict({
      'action': 'swap',
      'actor': 'p1',
      'events': list([
        'CardSwappedEvent',
        'PhaseChangedEvent',
      ]),
      'numbers': list([
      ]),
      'phase': 'ATTACK',
      'status': 'IN_PROGRESS',
      'step': 75,
      'turn': 16,
    }),
    dict({
      'action': 'attack',
      'actor': 'p1',
      'events': list([
        'AttackDeclaredEvent',
        'AttackResolvedEvent',
        'CardDestroyedEvent',
        'DamageDealtEvent',
      ]),
      'numbers': list([
        dict({
          'base_damage': 20,
          'defense_reduction': 5,
          'element_bonus': 3,
          'event': 'DamageDealtEvent',
          'final_damage': 28,
          'remaining_health': -11,
        }),
        dict({
          'event': 'AttackResolvedEvent',
          'final_damage': 28,
        }),
      ]),
      'phase': 'ATTACK',
      'status': 'IN_PROGRESS',
      'step': 76,
      'turn': 16,
    }),
    dict({
      'action': 'attack',
      'actor': 'p1',
      'events': list([
        'AttackDeclaredEvent',
        'AttackResolvedEvent',
        'DamageDealtEvent',
        'ElementsRestoredEvent',
        'PhaseChangedEvent',
        'TurnEndedEvent',
        'TurnStartedEvent',
      ]),
      'numbers': list([
        dict({
          'base_damage': 20,
          'defense_reduction': 5,
          'element_bonus': 0,
          'event': 'DamageDealtEvent',
          'final_damage': 25,
          'remaining_health': 1,
        }),
        dict({
          'event': 'AttackResolvedEvent',
          'final_damage': 25,
        }),
      ]),
      'phase': 'PROMOTION',
      'status': 'IN_PROGRESS',
      'step': 77,
      'turn': 17,
    }),
    dict({
      'action': 'promote',
      'actor': 'p2',
      'events': list([
        'CardPromotedEvent',
        'PhaseChangedEvent',
      ]),
      'numbers': list([
      ]),
      'phase': 'SWAP',
      'status': 'IN_PROGRESS',
      'step': 78,
      'turn': 17,
    }),
    dict({
      'action': 'swap',
      'actor': 'p2',
      'events': list([
        'CardSwappedEvent',
      ]),
      'numbers': list([
      ]),
      'phase': 'SWAP',
      'status': 'IN_PROGRESS',
      'step': 79,
      'turn': 17,
    }),
    dict({
      'action': 'swap',
      'actor': 'p2',
      'events': list([
        'CardSwappedEvent',
        'PhaseChangedEvent',
      ]),
      'numbers': list([
      ]),
      'phase': 'ATTACK',
      'status': 'IN_PROGRESS',
      'step': 80,
      'turn': 17,
    }),
    dict({
      'final': True,
      'game_over': False,
      'turn': 17,
      'winner': None,
    }),
  ])
# ---
